"principal": 'principal'
    IDENTIFIER: 'h1'
    SUBJECT_EXPR: ''
        "or": ''
            RELATION_OP: 'eq'
                DOT_EXPRESSION: ''
                    IDENTIFIER: 'principal'
                    IDENTIFIER: 'name'
                QUOTED_STRING: 'A'
            RELATION_OP: 'neq'
                DOT_EXPRESSION: ''
                    IDENTIFIER: 'principal'
                    IDENTIFIER: 'name'
                QUOTED_STRING: 'A'
            RELATION_OP: 'lt'
                DOT_EXPRESSION: ''
                    IDENTIFIER: 'principal'
                    IDENTIFIER: 'name'
                QUOTED_STRING: 'A'
            RELATION_OP: 'lte'
                DOT_EXPRESSION: ''
                    IDENTIFIER: 'principal'
                    IDENTIFIER: 'name'
                QUOTED_STRING: 'A'
            RELATION_OP: 'gt'
                DOT_EXPRESSION: ''
                    IDENTIFIER: 'principal'
                    IDENTIFIER: 'name'
                QUOTED_STRING: 'A'
            RELATION_OP: 'gte'
                DOT_EXPRESSION: ''
                    IDENTIFIER: 'principal'
                    IDENTIFIER: 'name'
                QUOTED_STRING: 'A'
            RELATION_OP: 'eq_ci'
                DOT_EXPRESSION: ''
                    IDENTIFIER: 'principal'
                    IDENTIFIER: 'name'
                QUOTED_STRING: 'A'
            RELATION_OP: 'neq_ci'
                DOT_EXPRESSION: ''
                    IDENTIFIER: 'principal'
                    IDENTIFIER: 'name'
                QUOTED_STRING: 'A'
            RELATION_OP: 'lt_ci'
                DOT_EXPRESSION: ''
                    IDENTIFIER: 'principal'
                    IDENTIFIER: 'name'
                QUOTED_STRING: 'A'
            RELATION_OP: 'lte_ci'
                DOT_EXPRESSION: ''
                    IDENTIFIER: 'principal'
                    IDENTIFIER: 'name'
                QUOTED_STRING: 'A'
            RELATION_OP: 'gt_ci'
                DOT_EXPRESSION: ''
                    IDENTIFIER: 'principal'
                    IDENTIFIER: 'name'
                QUOTED_STRING: 'A'
            RELATION_OP: 'gte_ci'
                DOT_EXPRESSION: ''
                    IDENTIFIER: 'principal'
                    IDENTIFIER: 'name'
                QUOTED_STRING: 'A'
