Deployment Bundle:
Deployment entities:
ID # STATUS EMPTY POLICY SubjectMultivalue
    DESCRIPTION "This policy is excluded by the backward compatibility checker."
    FOR FALSE
    ON FALSE
    BY FALSE
    DO deny
ID # STATUS EMPTY POLICY ResourceMultivalue
    DESCRIPTION "This policy is excluded by the backward compatibility checker."
    FOR FALSE
    ON FALSE
    BY FALSE
    DO deny
ID # STATUS EMPTY POLICY SendToMultivalue
    DESCRIPTION "This policy is excluded by the backward compatibility checker."
    FOR FALSE
    ON FALSE
    BY FALSE
    DO deny
ID # STATUS EMPTY POLICY TargetResourceMultivalue
    DESCRIPTION "This policy is excluded by the backward compatibility checker."
    FOR FALSE
    ON FALSE
    BY FALSE
    DO deny
ID # STATUS EMPTY POLICY ConditionMultivalue
    DESCRIPTION "This policy is excluded by the backward compatibility checker."
    FOR FALSE
    ON FALSE
    BY FALSE
    DO deny

Policies that apply to all users: {0, 1, 2, 3, 4}
Policies that apply to all hosts: {0, 1, 2, 3, 4}
Policies that apply to all applications: {0, 1, 2, 3, 4}
Subject-Policy Mappings:
1 -> {}
2 -> {}
3 -> {}
Action-Policy Mappings:
ADMIN -> {0, 1, 2, 3, 4}
APPROVE -> {0, 1, 2, 3, 4}
ATTACH -> {0, 1, 2, 3, 4}
AVDCALL -> {0, 1, 2, 3, 4}
BATCH -> {0, 1, 2, 3, 4}
BURN -> {0, 1, 2, 3, 4}
CHANGE_ATTRIBUTES -> {0, 1, 2, 3, 4}
CHANGE_SECURITY -> {0, 1, 2, 3, 4}
COPY -> {0, 1, 2, 3, 4}
CREATE_NEW -> {0, 1, 2, 3, 4}
CUT_PASTE -> {0, 1, 2, 3, 4}
DELETE -> {0, 1, 2, 3, 4}
DEPLOY -> {0, 1, 2, 3, 4}
EDIT -> {0, 1, 2, 3, 4}
EDIT_COPY -> {0, 1, 2, 3, 4}
EMAIL -> {0, 1, 2, 3, 4}
EMBED -> {0, 1, 2, 3, 4}
EXPORT -> {0, 1, 2, 3, 4}
IM -> {0, 1, 2, 3, 4}
JOIN -> {0, 1, 2, 3, 4}
MEETING -> {0, 1, 2, 3, 4}
MOVE -> {0, 1, 2, 3, 4}
NOP -> {0, 1, 2, 3, 4}
OPEN -> {0, 1, 2, 3, 4}
PASTE -> {0, 1, 2, 3, 4}
PRESENCE -> {0, 1, 2, 3, 4}
PRINT -> {0, 1, 2, 3, 4}
QUESTION -> {0, 1, 2, 3, 4}
READ -> {0, 1, 2, 3, 4}
RECORD -> {0, 1, 2, 3, 4}
RENAME -> {0, 1, 2, 3, 4}
RUN -> {0, 1, 2, 3, 4}
SENDTO -> {0, 1, 2, 3, 4}
SHARE -> {0, 1, 2, 3, 4}
VIDEO -> {0, 1, 2, 3, 4}
VOICE -> {0, 1, 2, 3, 4}
WEBMAIL -> {0, 1, 2, 3, 4}
WRITE -> {0, 1, 2, 3, 4}
Subject-Group Mappings:
1 -> {}
2 -> {}
3 -> {}
Subject keys:
keng.lim@bluejungle.com (user-mail) -> 0
keng.lim@nextlabs.com (user-mail) -> 0
keng@bluejungle.com (user-mail) -> 0
keng@nextlabs.com (user-mail) -> 0
klim@bluejungle.com (user-mail) -> 0
klim@nextlabs.com (user-mail) -> 0
S-1-5-21-668023798-3031861066-1043980994-1114 (user-windowsSid) -> 0
sip:keng.lim@bluejungle.com (user-mail) -> 0
x400:c=us;a= ;p=first organizati;o=exchange;s=lim;g=keng; (user-mail) -> 0
{UNKNOWN-APP} (application-builtin) -> 1
{UNKNOWN-HOST} (host-builtin) -> 2
{UNKNOWN-USER} (user-builtin) -> 3

