ID null POLICY identical_with_condition1
    FOR TRUE
    ON TRUE
    BY TRUE
    WHERE CURRENT_TIME.date > "12345678"
    DO deny
ID null POLICY identical_with_condition2
    FOR TRUE
    ON TRUE
    BY TRUE
    WHERE CURRENT_TIME.day_in_month > "12345678"
    DO deny
ID null POLICY identical_with_condition1a
    FOR TRUE
    ON TRUE
    BY TRUE
    WHERE CURRENT_TIME.date > "12345678"
    DO deny
ID null POLICY identical_with_condition2a
    FOR TRUE
    ON TRUE
    BY TRUE
    WHERE CURRENT_TIME.day_in_month > "12345678"
    DO deny
ID null POLICY time_parse_identity
    FOR TRUE
    ON TRUE
    BY TRUE
    WHERE (CURRENT_TIME.identity = "Jan 22, 2011 7:21:45 AM" OR CURRENT_TIME.identity = "Jan 22, 2011 07:21:45 PM" OR CURRENT_TIME.identity = "Jan 22, 2011 07:21:45 PM Asia/Shanghai")
    DO deny
ID null POLICY time_parse_year
    FOR TRUE
    ON TRUE
    BY TRUE
    WHERE (CURRENT_TIME.year = "2021" OR CURRENT_TIME.year = "1932 America/Los_Angeles")
    DO deny
ID null POLICY time_parse_weekday
    FOR TRUE
    ON TRUE
    BY TRUE
    WHERE (CURRENT_TIME.weekday = "Wednesday" OR CURRENT_TIME.weekday = "Friday Asia/Singapore" OR CURRENT_TIME.weekday = "tuesday" OR CURRENT_TIME.weekday = "monday Asia/Singapore")
    DO deny
ID null POLICY time_parse_time
    FOR TRUE
    ON TRUE
    BY TRUE
    WHERE (CURRENT_TIME.time = "07:31:22 AM" OR CURRENT_TIME.time = "9:16:41 PM" OR CURRENT_TIME.time = "09:16:41 PM Europe/London")
    DO deny


================ Re-parsed PQL =================

ANNOTATED_DEFINITION: ''
    ANNOTATIONS: ''
        IDNUMBER: 'null'
        "status": 'empty'
        CREATOR_ATTRIBUTE: 'empty'
        ACCESS_CONTROL_POLICY: ''
            "empty": ''
            "empty": ''
            "empty": ''
    "policy": 'POLICY'
        IDENTIFIER: 'identical_with_condition1'
        TARGET: ''
            FROM: ''
                RESOURCE_EXPR: ''
                    "true": 'TRUE'
            ACTION_EXPR: ''
                "true": 'TRUE'
            SUBJECT_EXPR: ''
                "true": 'TRUE'
        "where": 'WHERE'
            RELATION_OP: '>'
                DOT_EXPRESSION: ''
                    IDENTIFIER: 'CURRENT_TIME'
                    IDENTIFIER: 'date'
                QUOTED_STRING: '12345678'
        EFFECT_CLAUSE: 'DO'
            EFFECT_TYPE: 'deny'
ANNOTATED_DEFINITION: ''
    ANNOTATIONS: ''
        IDNUMBER: 'null'
        "status": 'empty'
        CREATOR_ATTRIBUTE: 'empty'
        ACCESS_CONTROL_POLICY: ''
            "empty": ''
            "empty": ''
            "empty": ''
    "policy": 'POLICY'
        IDENTIFIER: 'identical_with_condition2'
        TARGET: ''
            FROM: ''
                RESOURCE_EXPR: ''
                    "true": 'TRUE'
            ACTION_EXPR: ''
                "true": 'TRUE'
            SUBJECT_EXPR: ''
                "true": 'TRUE'
        "where": 'WHERE'
            RELATION_OP: '>'
                DOT_EXPRESSION: ''
                    IDENTIFIER: 'CURRENT_TIME'
                    IDENTIFIER: 'day_in_month'
                QUOTED_STRING: '12345678'
        EFFECT_CLAUSE: 'DO'
            EFFECT_TYPE: 'deny'
ANNOTATED_DEFINITION: ''
    ANNOTATIONS: ''
        IDNUMBER: 'null'
        "status": 'empty'
        CREATOR_ATTRIBUTE: 'empty'
        ACCESS_CONTROL_POLICY: ''
            "empty": ''
            "empty": ''
            "empty": ''
    "policy": 'POLICY'
        IDENTIFIER: 'identical_with_condition1a'
        TARGET: ''
            FROM: ''
                RESOURCE_EXPR: ''
                    "true": 'TRUE'
            ACTION_EXPR: ''
                "true": 'TRUE'
            SUBJECT_EXPR: ''
                "true": 'TRUE'
        "where": 'WHERE'
            RELATION_OP: '>'
                DOT_EXPRESSION: ''
                    IDENTIFIER: 'CURRENT_TIME'
                    IDENTIFIER: 'date'
                QUOTED_STRING: '12345678'
        EFFECT_CLAUSE: 'DO'
            EFFECT_TYPE: 'deny'
ANNOTATED_DEFINITION: ''
    ANNOTATIONS: ''
        IDNUMBER: 'null'
        "status": 'empty'
        CREATOR_ATTRIBUTE: 'empty'
        ACCESS_CONTROL_POLICY: ''
            "empty": ''
            "empty": ''
            "empty": ''
    "policy": 'POLICY'
        IDENTIFIER: 'identical_with_condition2a'
        TARGET: ''
            FROM: ''
                RESOURCE_EXPR: ''
                    "true": 'TRUE'
            ACTION_EXPR: ''
                "true": 'TRUE'
            SUBJECT_EXPR: ''
                "true": 'TRUE'
        "where": 'WHERE'
            RELATION_OP: '>'
                DOT_EXPRESSION: ''
                    IDENTIFIER: 'CURRENT_TIME'
                    IDENTIFIER: 'day_in_month'
                QUOTED_STRING: '12345678'
        EFFECT_CLAUSE: 'DO'
            EFFECT_TYPE: 'deny'
ANNOTATED_DEFINITION: ''
    ANNOTATIONS: ''
        IDNUMBER: 'null'
        "status": 'empty'
        CREATOR_ATTRIBUTE: 'empty'
        ACCESS_CONTROL_POLICY: ''
            "empty": ''
            "empty": ''
            "empty": ''
    "policy": 'POLICY'
        IDENTIFIER: 'time_parse_identity'
        TARGET: ''
            FROM: ''
                RESOURCE_EXPR: ''
                    "true": 'TRUE'
            ACTION_EXPR: ''
                "true": 'TRUE'
            SUBJECT_EXPR: ''
                "true": 'TRUE'
        "where": 'WHERE'
            "or": ''
                RELATION_OP: '='
                    DOT_EXPRESSION: ''
                        IDENTIFIER: 'CURRENT_TIME'
                        IDENTIFIER: 'identity'
                    QUOTED_STRING: 'Jan 22, 2011 7:21:45 AM'
                RELATION_OP: '='
                    DOT_EXPRESSION: ''
                        IDENTIFIER: 'CURRENT_TIME'
                        IDENTIFIER: 'identity'
                    QUOTED_STRING: 'Jan 22, 2011 07:21:45 PM'
                RELATION_OP: '='
                    DOT_EXPRESSION: ''
                        IDENTIFIER: 'CURRENT_TIME'
                        IDENTIFIER: 'identity'
                    QUOTED_STRING: 'Jan 22, 2011 07:21:45 PM Asia/Shanghai'
        EFFECT_CLAUSE: 'DO'
            EFFECT_TYPE: 'deny'
ANNOTATED_DEFINITION: ''
    ANNOTATIONS: ''
        IDNUMBER: 'null'
        "status": 'empty'
        CREATOR_ATTRIBUTE: 'empty'
        ACCESS_CONTROL_POLICY: ''
            "empty": ''
            "empty": ''
            "empty": ''
    "policy": 'POLICY'
        IDENTIFIER: 'time_parse_year'
        TARGET: ''
            FROM: ''
                RESOURCE_EXPR: ''
                    "true": 'TRUE'
            ACTION_EXPR: ''
                "true": 'TRUE'
            SUBJECT_EXPR: ''
                "true": 'TRUE'
        "where": 'WHERE'
            "or": ''
                RELATION_OP: '='
                    DOT_EXPRESSION: ''
                        IDENTIFIER: 'CURRENT_TIME'
                        IDENTIFIER: 'year'
                    QUOTED_STRING: '2021'
                RELATION_OP: '='
                    DOT_EXPRESSION: ''
                        IDENTIFIER: 'CURRENT_TIME'
                        IDENTIFIER: 'year'
                    QUOTED_STRING: '1932 America/Los_Angeles'
        EFFECT_CLAUSE: 'DO'
            EFFECT_TYPE: 'deny'
ANNOTATED_DEFINITION: ''
    ANNOTATIONS: ''
        IDNUMBER: 'null'
        "status": 'empty'
        CREATOR_ATTRIBUTE: 'empty'
        ACCESS_CONTROL_POLICY: ''
            "empty": ''
            "empty": ''
            "empty": ''
    "policy": 'POLICY'
        IDENTIFIER: 'time_parse_weekday'
        TARGET: ''
            FROM: ''
                RESOURCE_EXPR: ''
                    "true": 'TRUE'
            ACTION_EXPR: ''
                "true": 'TRUE'
            SUBJECT_EXPR: ''
                "true": 'TRUE'
        "where": 'WHERE'
            "or": ''
                RELATION_OP: '='
                    DOT_EXPRESSION: ''
                        IDENTIFIER: 'CURRENT_TIME'
                        IDENTIFIER: 'weekday'
                    QUOTED_STRING: 'Wednesday'
                RELATION_OP: '='
                    DOT_EXPRESSION: ''
                        IDENTIFIER: 'CURRENT_TIME'
                        IDENTIFIER: 'weekday'
                    QUOTED_STRING: 'Friday Asia/Singapore'
                RELATION_OP: '='
                    DOT_EXPRESSION: ''
                        IDENTIFIER: 'CURRENT_TIME'
                        IDENTIFIER: 'weekday'
                    QUOTED_STRING: 'tuesday'
                RELATION_OP: '='
                    DOT_EXPRESSION: ''
                        IDENTIFIER: 'CURRENT_TIME'
                        IDENTIFIER: 'weekday'
                    QUOTED_STRING: 'monday Asia/Singapore'
        EFFECT_CLAUSE: 'DO'
            EFFECT_TYPE: 'deny'
ANNOTATED_DEFINITION: ''
    ANNOTATIONS: ''
        IDNUMBER: 'null'
        "status": 'empty'
        CREATOR_ATTRIBUTE: 'empty'
        ACCESS_CONTROL_POLICY: ''
            "empty": ''
            "empty": ''
            "empty": ''
    "policy": 'POLICY'
        IDENTIFIER: 'time_parse_time'
        TARGET: ''
            FROM: ''
                RESOURCE_EXPR: ''
                    "true": 'TRUE'
            ACTION_EXPR: ''
                "true": 'TRUE'
            SUBJECT_EXPR: ''
                "true": 'TRUE'
        "where": 'WHERE'
            "or": ''
                RELATION_OP: '='
                    DOT_EXPRESSION: ''
                        IDENTIFIER: 'CURRENT_TIME'
                        IDENTIFIER: 'time'
                    QUOTED_STRING: '07:31:22 AM'
                RELATION_OP: '='
                    DOT_EXPRESSION: ''
                        IDENTIFIER: 'CURRENT_TIME'
                        IDENTIFIER: 'time'
                    QUOTED_STRING: '9:16:41 PM'
                RELATION_OP: '='
                    DOT_EXPRESSION: ''
                        IDENTIFIER: 'CURRENT_TIME'
                        IDENTIFIER: 'time'
                    QUOTED_STRING: '09:16:41 PM Europe/London'
        EFFECT_CLAUSE: 'DO'
            EFFECT_TYPE: 'deny'
