ID 1 STATUS DRAFT COMPONENT many_operators = 
DESCRIPTION "This exists just to ensure operators can be parsed and formatted"
(resource.fso.name eq "A" AND resource.fso.name neq "A" AND resource.fso.name lt "A" AND resource.fso.name lte "A" AND resource.fso.name gt "A" AND resource.fso.name gte "A" AND resource.fso.name eq_ci "A" AND resource.fso.name neq_ci "A" AND resource.fso.name lt_ci "A" AND resource.fso.name lte_ci "A" AND resource.fso.name gt_ci "A" AND resource.fso.name gte_ci "A")


================ Re-parsed PQL =================

ANNOTATED_DEFINITION: ''
    ANNOTATIONS: ''
        IDNUMBER: '1'
        "status": 'DRAFT'
        CREATOR_ATTRIBUTE: 'empty'
        ACCESS_CONTROL_POLICY: ''
            "empty": ''
            "empty": ''
            "empty": ''
    "component": 'COMPONENT'
        IDENTIFIER: 'many_operators'
        "description": 'This exists just to ensure operators can be parsed and formatted'
        COMPONENT_EXPR: ''
            "and": ''
                RELATION_OP: 'eq'
                    DOT_EXPRESSION: ''
                        IDENTIFIER: 'resource'
                        IDENTIFIER: 'fso'
                        IDENTIFIER: 'name'
                    QUOTED_STRING: 'A'
                RELATION_OP: 'neq'
                    DOT_EXPRESSION: ''
                        IDENTIFIER: 'resource'
                        IDENTIFIER: 'fso'
                        IDENTIFIER: 'name'
                    QUOTED_STRING: 'A'
                RELATION_OP: 'lt'
                    DOT_EXPRESSION: ''
                        IDENTIFIER: 'resource'
                        IDENTIFIER: 'fso'
                        IDENTIFIER: 'name'
                    QUOTED_STRING: 'A'
                RELATION_OP: 'lte'
                    DOT_EXPRESSION: ''
                        IDENTIFIER: 'resource'
                        IDENTIFIER: 'fso'
                        IDENTIFIER: 'name'
                    QUOTED_STRING: 'A'
                RELATION_OP: 'gt'
                    DOT_EXPRESSION: ''
                        IDENTIFIER: 'resource'
                        IDENTIFIER: 'fso'
                        IDENTIFIER: 'name'
                    QUOTED_STRING: 'A'
                RELATION_OP: 'gte'
                    DOT_EXPRESSION: ''
                        IDENTIFIER: 'resource'
                        IDENTIFIER: 'fso'
                        IDENTIFIER: 'name'
                    QUOTED_STRING: 'A'
                RELATION_OP: 'eq_ci'
                    DOT_EXPRESSION: ''
                        IDENTIFIER: 'resource'
                        IDENTIFIER: 'fso'
                        IDENTIFIER: 'name'
                    QUOTED_STRING: 'A'
                RELATION_OP: 'neq_ci'
                    DOT_EXPRESSION: ''
                        IDENTIFIER: 'resource'
                        IDENTIFIER: 'fso'
                        IDENTIFIER: 'name'
                    QUOTED_STRING: 'A'
                RELATION_OP: 'lt_ci'
                    DOT_EXPRESSION: ''
                        IDENTIFIER: 'resource'
                        IDENTIFIER: 'fso'
                        IDENTIFIER: 'name'
                    QUOTED_STRING: 'A'
                RELATION_OP: 'lte_ci'
                    DOT_EXPRESSION: ''
                        IDENTIFIER: 'resource'
                        IDENTIFIER: 'fso'
                        IDENTIFIER: 'name'
                    QUOTED_STRING: 'A'
                RELATION_OP: 'gt_ci'
                    DOT_EXPRESSION: ''
                        IDENTIFIER: 'resource'
                        IDENTIFIER: 'fso'
                        IDENTIFIER: 'name'
                    QUOTED_STRING: 'A'
                RELATION_OP: 'gte_ci'
                    DOT_EXPRESSION: ''
                        IDENTIFIER: 'resource'
                        IDENTIFIER: 'fso'
                        IDENTIFIER: 'name'
                    QUOTED_STRING: 'A'
